[www.kondammaltrust.org/index.html]
[backblue.gif]
[fade.gif]
[index.html]
[www.kondammaltrust.org/images/favicon.png]
[www.kondammaltrust.org/images/apple-touch-icon.png]
[www.kondammaltrust.org/images/apple-touch-icon-72x72.png]
[www.kondammaltrust.org/images/apple-touch-icon-114x114.png]
[www.kondammaltrust.org/images/apple-touch-icon-144x144.png]
[www.kondammaltrust.org/css/bootstrap.min.css]
[www.kondammaltrust.org/css/animate.min.css]
[www.kondammaltrust.org/css/javascript-plugins-bundle.css]
[www.kondammaltrust.org/js/menuzord/css/menuzord.css]
[www.kondammaltrust.org/js/timeline-cp-responsive-vertical/timeline-cp-responsive-vertical.css]
[www.kondammaltrust.org/css/menuzord-skins/menuzord-rounded-boxed.css]
[www.kondammaltrust.org/css/style-main.css]
[www.kondammaltrust.org/css/responsive.css]
[www.kondammaltrust.org/css/colors/theme-skin-color-set1.css]
[www.kondammaltrust.org/js/jquery.js]
[www.kondammaltrust.org/js/popper.min.js]
[www.kondammaltrust.org/js/bootstrap.min.js]
[www.kondammaltrust.org/js/javascript-plugins-bundle.js]
[www.kondammaltrust.org/js/menuzord/js/menuzord.js]
[www.kondammaltrust.org/js/revolution-slider/css/rs6.css]
[www.kondammaltrust.org/js/revolution-slider/extra-rev-slider1.css]
[www.kondammaltrust.org/js/revolution-slider/js/revolution.tools.min.js]
[www.kondammaltrust.org/js/revolution-slider/extra-rev-slider2.js]
[www.kondammaltrust.org/js/revolution-slider/js/rs6.min.js]
[www.kondammaltrust.org/images/logo-wide.png]
[www.kondammaltrust.org/images/blog/latest-news1.jpg]
[www.kondammaltrust.org/images/blog/latest-news2.jpg]
[www.kondammaltrust.org/images/blog/latest-news3.jpg]
[www.kondammaltrust.org/index-2.html]
[www.kondammaltrust.org/images/logo-wide-white.png]
[www.kondammaltrust.org/images/logo-wide-white@2x.png]
[www.kondammaltrust.org/images/logo-wide@2x.png]
[www.kondammaltrust.org/images/bg/slide1.jpg]
[www.kondammaltrust.org/images/bg/slide2.jpg]
[www.kondammaltrust.org/images/bg/slide3.jpg]
[www.kondammaltrust.org/images/icons/service-style2-icon1.png]
[www.kondammaltrust.org/images/icons/service-style2-icon2.png]
[www.kondammaltrust.org/images/icons/service-style2-icon3.png]
[www.kondammaltrust.org/images/icons/service-style2-icon4.png]
[www.kondammaltrust.org/images/about/water.jpg]
[www.kondammaltrust.org/images/testimonials/1.jpg]
[www.kondammaltrust.org/images/testimonials/2.jpg]
[www.kondammaltrust.org/images/testimonials/3.jpg]
[www.kondammaltrust.org/images/causes/9.jpg]
[www.kondammaltrust.org/images/causes/5.jpg]
[www.kondammaltrust.org/images/causes/7.jpg]
[www.kondammaltrust.org/images/causes/1.jpg]
[www.kondammaltrust.org/images/causes/2.jpg]
[www.kondammaltrust.org/images/causes/3.jpg]
[www.kondammaltrust.org/images/events/1.jpg]
[www.kondammaltrust.org/images/events/2.jpg]
[www.kondammaltrust.org/images/phone2.png]
[www.kondammaltrust.org/images/blog/b1.jpg]
[www.kondammaltrust.org/images/blog/b2.jpg]
[www.kondammaltrust.org/images/blog/b3.jpg]
[www.kondammaltrust.org/images/footer-bg.37.delayed]
[www.kondammaltrust.org/index.html]
[www.kondammaltrust.org/css/bootstrap.min.css]
[www.kondammaltrust.org/css/animate.min.css]
[www.kondammaltrust.org/js/custom.js]
[www.kondammaltrust.org/css/images/bx_loader.html]
[www.kondammaltrust.org/css/images/controls.html]
[www.kondammaltrust.org/css/fonts/flexslider-icon.html]
[www.kondammaltrust.org/css/fonts/flexslider-icond41dd41dd41d.html]
[www.kondammaltrust.org/css/fonts/flexslider-icon-2.html]
[www.kondammaltrust.org/css/fonts/flexslider-icon-3.html]
[www.kondammaltrust.org/css/fonts/flexslider-icon-4.html]
[www.kondammaltrust.org/css/ajax-loader.html]
[www.kondammaltrust.org/css/fonts/slick.html]
[www.kondammaltrust.org/css/fonts/slickd41dd41dd41d.html]
[www.kondammaltrust.org/css/fonts/slick-2.html]
[www.kondammaltrust.org/css/fonts/slick-3.html]
[www.kondammaltrust.org/css/fonts/slick-4.html]
[www.kondammaltrust.org/img/loading.html]
[www.kondammaltrust.org/fonts/lgd641d641d641.eot]
[www.kondammaltrust.org/fonts/lgd41dd41dd41d.eot]
[www.kondammaltrust.org/fonts/lgd641d641d641.woff]
[www.kondammaltrust.org/fonts/lgd641d641d641.ttf]
[www.kondammaltrust.org/fonts/lgd641d641d641.svg]
[www.kondammaltrust.org/img/vimeo-play.html]
[www.kondammaltrust.org/img/video-play.html]
[www.kondammaltrust.org/img/youtube-play.html]
[www.kondammaltrust.org/css/owl.video.play.html]
[www.kondammaltrust.org/images/prettyphoto/default/sprite.html]
[www.kondammaltrust.org/images/prettyphoto/default/sprite_x.html]
[www.kondammaltrust.org/images/prettyphoto/default/sprite_y.html]
[www.kondammaltrust.org/images/prettyphoto/default/sprite_next.html]
[www.kondammaltrust.org/images/prettyphoto/default/sprite_prev.html]
[www.kondammaltrust.org/images/prettyphoto/default/default_thumb.html]
[www.kondammaltrust.org/images/prettyphoto/default/loader.html]
[www.kondammaltrust.org/images/prettyphoto/light_rounded/sprite.html]
[www.kondammaltrust.org/images/prettyphoto/light_rounded/btnnext.html]
[www.kondammaltrust.org/images/prettyphoto/light_rounded/btnprevious.html]
[www.kondammaltrust.org/images/prettyphoto/light_rounded/loader.html]
[www.kondammaltrust.org/images/prettyphoto/dark_rounded/sprite.html]
[www.kondammaltrust.org/images/prettyphoto/dark_rounded/contentpattern.html]
[www.kondammaltrust.org/images/prettyphoto/dark_rounded/btnnext.html]
[www.kondammaltrust.org/images/prettyphoto/dark_rounded/btnprevious.html]
[www.kondammaltrust.org/images/prettyphoto/dark_rounded/loader.html]
[www.kondammaltrust.org/images/prettyphoto/dark_square/loader.html]
[www.kondammaltrust.org/images/prettyphoto/dark_square/sprite.html]
[www.kondammaltrust.org/images/prettyphoto/dark_square/btnnext.html]
[www.kondammaltrust.org/images/prettyphoto/dark_square/btnprevious.html]
[www.kondammaltrust.org/images/prettyphoto/light_square/sprite.html]
[www.kondammaltrust.org/images/prettyphoto/light_square/btnnext.html]
[www.kondammaltrust.org/images/prettyphoto/light_square/btnprevious.html]
[www.kondammaltrust.org/images/prettyphoto/facebook/sprite.html]
[www.kondammaltrust.org/images/prettyphoto/facebook/contentpatterntop.html]
[www.kondammaltrust.org/images/prettyphoto/facebook/contentpatternleft.html]
[www.kondammaltrust.org/images/prettyphoto/facebook/contentpatternright.html]
[www.kondammaltrust.org/images/prettyphoto/facebook/loader.html]
[www.kondammaltrust.org/images/prettyphoto/facebook/btnnext.html]
[www.kondammaltrust.org/images/prettyphoto/facebook/btnprevious.html]
[www.kondammaltrust.org/images/prettyphoto/facebook/contentpatternbottom.html]
[www.kondammaltrust.org/images/prettyphoto/facebook/default_thumbnail.html]
[www.kondammaltrust.org/css/images/loading.gif]
[www.kondammaltrust.org/css/images/prev.png]
[www.kondammaltrust.org/css/images/next.png]
[www.kondammaltrust.org/css/images/close.png]
[www.kondammaltrust.org/css/images/loading@2x.gif]
[www.kondammaltrust.org/css/images/prev@2x.png]
[www.kondammaltrust.org/css/images/next@2x.png]
[www.kondammaltrust.org/css/images/close@2x.png]
[www.kondammaltrust.org/css/javascript-plugins-bundle.css]
[www.kondammaltrust.org/js/menuzord/css/menuzord.css]
[www.kondammaltrust.org/js/timeline-cp-responsive-vertical/timeline-cp-responsive-vertical.css]
[www.kondammaltrust.org/css/preloader.css]
[www.kondammaltrust.org/css/font-awesome5.css]
[www.kondammaltrust.org/css/pe-icon-7-stroke.css]
[www.kondammaltrust.org/css/elegant-icons.css]
[www.kondammaltrust.org/css/icomoon.css]
[www.kondammaltrust.org/css/flaticon-set-current-theme.css]
[www.kondammaltrust.org/css/flaticon-set-communication.css]
[www.kondammaltrust.org/css/flaticon-set-charity.css]
[www.kondammaltrust.org/images/pattern1.png]
[www.kondammaltrust.org/images/pattern2.png]
[www.kondammaltrust.org/images/pattern3.png]
[www.kondammaltrust.org/images/close.png]
[www.kondammaltrust.org/images/shadow-overlay.png]
[www.kondammaltrust.org/images/floating-objects/21.html]
[www.kondammaltrust.org/images/floating-objects/22.html]
[www.kondammaltrust.org/images/floating-objects/23.html]
[www.kondammaltrust.org/images/floating-objects/24.html]
[www.kondammaltrust.org/images/shadow-overlay2.html]
[www.kondammaltrust.org/images/line-bottom-style1-image-icon.html]
[www.kondammaltrust.org/assets/images/shortcodes/working-steps-bg.html]
[www.kondammaltrust.org/images/title-dots.png]
[www.kondammaltrust.org/images/shop/quick-view.html]
[www.kondammaltrust.org/images/shop/shopping-cart.html]
[www.kondammaltrust.org/images/shop/shopping-cart-loading.html]
[www.kondammaltrust.org/images/shop/shopping-cart-added.html]
[www.kondammaltrust.org/images/icon-holder/01.html]
[www.kondammaltrust.org/images/icon-holder/03.html]
[www.kondammaltrust.org/images/bg/bg1.jpg]
[www.kondammaltrust.org/images/title-icon.png]
[www.kondammaltrust.org/images/current-theme/title-line-bottom.png]
[www.kondammaltrust.org/images/section-object1.png]
[www.kondammaltrust.org/images/section-object2.png]
[www.kondammaltrust.org/images/bg/bird-bg-object1.png]
[www.kondammaltrust.org/images/feature-block-object1.png]
[www.kondammaltrust.org/css/style-main.css]
[www.kondammaltrust.org/css/menuzord-skins/menuzord-rounded-boxed.css]
[www.kondammaltrust.org/css/responsive.css]
[www.kondammaltrust.org/css/colors/theme-skin-color-set1.css]
[www.kondammaltrust.org/js/revolution-slider/fonts/revicons/revicons90c690c690c6.eot]
[www.kondammaltrust.org/js/revolution-slider/fonts/revicons/revicons90c690c690c6.woff]
[www.kondammaltrust.org/js/revolution-slider/fonts/revicons/revicons90c690c690c6.ttf]
[www.kondammaltrust.org/js/revolution-slider/fonts/revicons/revicons90c690c690c6.svg]
[www.kondammaltrust.org/js/revolution-slider/css/openhand.html]
[www.kondammaltrust.org/js/revolution-slider/css/closedhand.html]
[www.kondammaltrust.org/js/revolution-slider/assets/gridtile.html]
[www.kondammaltrust.org/js/revolution-slider/assets/gridtile_white.html]
[www.kondammaltrust.org/js/revolution-slider/assets/gridtile_3x3.html]
[www.kondammaltrust.org/js/revolution-slider/assets/gridtile_3x3_white.html]
[www.kondammaltrust.org/js/revolution-slider/assets/coloredbg.html]
[www.kondammaltrust.org/js/revolution-slider/assets/loader.gif]
[www.kondammaltrust.org/js/revolution-slider/css/rs6.css]
[www.kondammaltrust.org/js/revolution-slider/extra-rev-slider1.css]
[www.kondammaltrust.org/index-2.html]
[www.kondammaltrust.org/images/footer-bg.html]
[www.kondammaltrust.org/kodesolution.com/wp-content/themes/twentytwentytwo/style4963.a64963.delayed]
[www.kondammaltrust.org/kodesolution.com/wp-includes/blocks/navigation/view.minb0c3.a7b0c3.delayed]
[www.kondammaltrust.org/css/images/bx_loader.html]
[www.kondammaltrust.org/css/images/controls.html]
[www.kondammaltrust.org/css/fonts/flexslider-icon.html]
[www.kondammaltrust.org/css/fonts/flexslider-icond41dd41dd41d.html]
[www.kondammaltrust.org/css/fonts/flexslider-icon-2.html]
[www.kondammaltrust.org/css/fonts/flexslider-icon-3.html]
[www.kondammaltrust.org/css/fonts/flexslider-icon-4.html]
[www.kondammaltrust.org/css/ajax-loader.html]
[www.kondammaltrust.org/css/fonts/slick.html]
[www.kondammaltrust.org/css/fonts/slickd41dd41dd41d.html]
[www.kondammaltrust.org/css/fonts/slick-2.html]
[www.kondammaltrust.org/css/fonts/slick-3.html]
[www.kondammaltrust.org/css/fonts/slick-4.html]
[www.kondammaltrust.org/img/loading.html]
[www.kondammaltrust.org/fonts/lgd641d641d641.svg]
[www.kondammaltrust.org/img/vimeo-play.html]
[www.kondammaltrust.org/img/video-play.html]
[www.kondammaltrust.org/img/youtube-play.html]
[www.kondammaltrust.org/css/owl.video.play.html]
[www.kondammaltrust.org/images/prettyphoto/default/sprite.html]
[www.kondammaltrust.org/images/prettyphoto/default/sprite_x.html]
[www.kondammaltrust.org/images/prettyphoto/default/sprite_y.html]
[www.kondammaltrust.org/images/prettyphoto/default/sprite_next.html]
[www.kondammaltrust.org/images/prettyphoto/default/sprite_prev.html]
[www.kondammaltrust.org/images/prettyphoto/default/default_thumb.html]
[www.kondammaltrust.org/images/prettyphoto/default/loader.html]
[www.kondammaltrust.org/images/prettyphoto/light_rounded/sprite.html]
[www.kondammaltrust.org/images/prettyphoto/light_rounded/btnnext.html]
[www.kondammaltrust.org/images/prettyphoto/light_rounded/btnprevious.html]
[www.kondammaltrust.org/images/prettyphoto/light_rounded/loader.html]
[www.kondammaltrust.org/images/prettyphoto/dark_rounded/sprite.html]
[www.kondammaltrust.org/images/prettyphoto/dark_rounded/contentpattern.html]
[www.kondammaltrust.org/images/prettyphoto/dark_rounded/btnnext.html]
[www.kondammaltrust.org/images/prettyphoto/dark_rounded/btnprevious.html]
[www.kondammaltrust.org/images/prettyphoto/dark_rounded/loader.html]
[www.kondammaltrust.org/images/prettyphoto/dark_square/loader.html]
[www.kondammaltrust.org/images/prettyphoto/dark_square/sprite.html]
[www.kondammaltrust.org/images/prettyphoto/dark_square/btnnext.html]
[www.kondammaltrust.org/images/prettyphoto/dark_square/btnprevious.html]
[www.kondammaltrust.org/images/prettyphoto/light_square/sprite.html]
[www.kondammaltrust.org/images/prettyphoto/light_square/btnnext.html]
[www.kondammaltrust.org/images/prettyphoto/light_square/btnprevious.html]
[www.kondammaltrust.org/images/prettyphoto/facebook/sprite.html]
[www.kondammaltrust.org/images/prettyphoto/facebook/contentpatterntop.html]
[www.kondammaltrust.org/images/prettyphoto/facebook/contentpatternleft.html]
[www.kondammaltrust.org/images/prettyphoto/facebook/contentpatternright.html]
[www.kondammaltrust.org/images/prettyphoto/facebook/loader.html]
[www.kondammaltrust.org/images/prettyphoto/facebook/btnnext.html]
[www.kondammaltrust.org/images/prettyphoto/facebook/btnprevious.html]
[www.kondammaltrust.org/images/prettyphoto/facebook/contentpatternbottom.html]
[www.kondammaltrust.org/images/prettyphoto/facebook/default_thumbnail.html]
[www.kondammaltrust.org/css/preloader.css]
[www.kondammaltrust.org/fonts/fontawesome5/fa-brands-400.eot]
[www.kondammaltrust.org/fonts/fontawesome5/fa-brands-400d41dd41dd41d.eot]
[www.kondammaltrust.org/fonts/fontawesome5/fa-brands-400.woff2]
[www.kondammaltrust.org/fonts/fontawesome5/fa-brands-400.woff]
[www.kondammaltrust.org/fonts/fontawesome5/fa-brands-400.ttf]
[www.kondammaltrust.org/fonts/fontawesome5/fa-regular-400.eot]
[www.kondammaltrust.org/fonts/fontawesome5/fa-brands-400.svg]
[www.kondammaltrust.org/fonts/fontawesome5/fa-regular-400d41dd41dd41d.eot]
[www.kondammaltrust.org/fonts/fontawesome5/fa-regular-400.woff2]
[www.kondammaltrust.org/fonts/fontawesome5/fa-regular-400.woff]
[www.kondammaltrust.org/fonts/fontawesome5/fa-regular-400.ttf]
[www.kondammaltrust.org/fonts/fontawesome5/fa-regular-400.svg]
[www.kondammaltrust.org/fonts/fontawesome5/fa-solid-900.eot]
[www.kondammaltrust.org/fonts/fontawesome5/fa-solid-900d41dd41dd41d.eot]
[www.kondammaltrust.org/fonts/fontawesome5/fa-solid-900.woff2]
[www.kondammaltrust.org/fonts/fontawesome5/fa-solid-900.woff]
[www.kondammaltrust.org/fonts/fontawesome5/fa-solid-900.ttf]
[www.kondammaltrust.org/css/font-awesome5.css]
[www.kondammaltrust.org/fonts/pe-icon-7-stroke/pe-icon-7-strokebb1dbb1dbb1d.eot]
[www.kondammaltrust.org/fonts/fontawesome5/fa-solid-900.svg]
[www.kondammaltrust.org/fonts/pe-icon-7-stroke/pe-icon-7-stroked41dd41dd41d.eot]
[www.kondammaltrust.org/fonts/pe-icon-7-stroke/pe-icon-7-strokebb1dbb1dbb1d.woff]
[www.kondammaltrust.org/fonts/pe-icon-7-stroke/pe-icon-7-strokebb1dbb1dbb1d.ttf]
[www.kondammaltrust.org/css/pe-icon-7-stroke.css]
[www.kondammaltrust.org/fonts/pe-icon-7-stroke/pe-icon-7-strokebb1dbb1dbb1d.svg]
[www.kondammaltrust.org/fonts/eleganticons/eleganticons.eot]
[www.kondammaltrust.org/fonts/eleganticons/eleganticonsd41dd41dd41d.eot]
[www.kondammaltrust.org/fonts/eleganticons/eleganticons.woff]
[www.kondammaltrust.org/fonts/eleganticons/eleganticons.ttf]
[www.kondammaltrust.org/css/elegant-icons.css]
[www.kondammaltrust.org/fonts/eleganticons/eleganticons.svg]
[www.kondammaltrust.org/fonts/icomoon/fonts/icomoon2f982f982f98.eot]
[www.kondammaltrust.org/fonts/icomoon/fonts/icomoon2f982f982f98.ttf]
[www.kondammaltrust.org/fonts/icomoon/fonts/icomoon2f982f982f98.woff]
[www.kondammaltrust.org/css/icomoon.css]
[www.kondammaltrust.org/fonts/icomoon/fonts/icomoon2f982f982f98.svg]
[www.kondammaltrust.org/fonts/flaticon-set-current-theme/flaticon-set-current-themeff07ff07ff07.eot]
[www.kondammaltrust.org/fonts/flaticon-set-current-theme/flaticon-set-current-themeff07ff07ff07.ttf]
[www.kondammaltrust.org/fonts/flaticon-set-current-theme/flaticon-set-current-themeff07ff07ff07.woff]
[www.kondammaltrust.org/css/flaticon-set-current-theme.css]
[www.kondammaltrust.org/fonts/flaticon-set-communication/flaticon-set-communication.eot]
[www.kondammaltrust.org/fonts/flaticon-set-current-theme/flaticon-set-current-themeff07ff07ff07.svg]
[www.kondammaltrust.org/fonts/flaticon-set-communication/flaticon-set-communicationd41dd41dd41d.eot]
[www.kondammaltrust.org/fonts/flaticon-set-communication/flaticon-set-communication.woff]
[www.kondammaltrust.org/fonts/flaticon-set-communication/flaticon-set-communication.ttf]
[www.kondammaltrust.org/css/flaticon-set-communication.css]
[www.kondammaltrust.org/fonts/flaticon-set-communication/flaticon-set-communication.svg]
[www.kondammaltrust.org/fonts/flaticon-set-charity/flaticon-set-charity.eot]
[www.kondammaltrust.org/fonts/flaticon-set-charity/flaticon-set-charityd41dd41dd41d.eot]
[www.kondammaltrust.org/fonts/flaticon-set-charity/flaticon-set-charity.woff]
[www.kondammaltrust.org/fonts/flaticon-set-charity/flaticon-set-charity.ttf]
[www.kondammaltrust.org/css/flaticon-set-charity.css]
[www.kondammaltrust.org/images/floating-objects/21.html]
[www.kondammaltrust.org/images/floating-objects/22.html]
[www.kondammaltrust.org/images/floating-objects/23.html]
[www.kondammaltrust.org/images/floating-objects/24.html]
[www.kondammaltrust.org/images/shadow-overlay2.html]
[www.kondammaltrust.org/images/line-bottom-style1-image-icon.html]
[www.kondammaltrust.org/assets/images/shortcodes/working-steps-bg.html]
[www.kondammaltrust.org/images/shop/quick-view.html]
[www.kondammaltrust.org/images/shop/shopping-cart.html]
[www.kondammaltrust.org/images/shop/shopping-cart-loading.html]
[www.kondammaltrust.org/images/shop/shopping-cart-added.html]
[www.kondammaltrust.org/images/icon-holder/01.html]
[www.kondammaltrust.org/images/icon-holder/03.html]
[www.kondammaltrust.org/js/revolution-slider/fonts/revicons/revicons90c690c690c6.svg]
[www.kondammaltrust.org/js/revolution-slider/css/openhand.html]
[www.kondammaltrust.org/js/revolution-slider/css/closedhand.html]
[www.kondammaltrust.org/js/revolution-slider/assets/gridtile.html]
[www.kondammaltrust.org/js/revolution-slider/assets/gridtile_white.html]
[www.kondammaltrust.org/js/revolution-slider/assets/gridtile_3x3.html]
[www.kondammaltrust.org/js/revolution-slider/assets/gridtile_3x3_white.html]
[www.kondammaltrust.org/js/revolution-slider/assets/coloredbg.html]
[www.kondammaltrust.org/kodesolution.com/wp-content/themes/twentytwentytwo/style49634963.html]
[www.kondammaltrust.org/kodesolution.com/wp-includes/blocks/navigation/view.minb0c3b0c3.html]
[www.kondammaltrust.org/fonts/fontawesome5/fa-brands-400.svg]
[www.kondammaltrust.org/fonts/fontawesome5/fa-regular-400.svg]
[www.kondammaltrust.org/fonts/flaticon-set-charity/flaticon-set-charity.svg]
[www.kondammaltrust.org/fonts/fontawesome5/fa-solid-900.svg]
[www.kondammaltrust.org/fonts/pe-icon-7-stroke/pe-icon-7-strokebb1dbb1dbb1d.svg]
[www.kondammaltrust.org/fonts/eleganticons/eleganticons.svg]
[www.kondammaltrust.org/fonts/icomoon/fonts/icomoon2f982f982f98.svg]
[www.kondammaltrust.org/fonts/flaticon-set-current-theme/flaticon-set-current-themeff07ff07ff07.svg]
[www.kondammaltrust.org/fonts/flaticon-set-communication/flaticon-set-communication.svg]
[www.kondammaltrust.org/fonts/flaticon-set-charity/flaticon-set-charity.svg]
